/usr/local/lib/python3.14/site-packages/torch/cuda/__init__.py:61: FutureWarning: The pynvml package is deprecated. Please install nvidia-ml-py instead. If you did not install pynvml directly, please report this to the maintainers of the package that installed pynvml for you.
  import pynvml  # type: ignore[import]
Using device: cuda
GPU: NVIDIA H100 80GB HBM3

============================================================
Task: image
Epochs: 1, Batch size: 50
Model: d_model=64, state_dim=16, n_layers=2
LR: 0.001, Weight decay: 0.05
============================================================

Loading datasets...
/usr/local/lib/python3.14/site-packages/torchvision/datasets/cifar.py:83: VisibleDeprecationWarning: dtype(): align should be passed as Python or NumPy boolean but got `align=0`. Did you mean to pass a tuple to create a subarray type? (Deprecated NumPy 2.4)
  entry = pickle.load(f, encoding="latin1")
Train: 45000 samples, 900 batches
Val: 5000 samples, 100 batches
Test: 10000 samples, 200 batches

Model parameters: 84,106
/workspace/train.py:246: FutureWarning: `torch.cuda.amp.GradScaler(args...)` is deprecated. Please use `torch.amp.GradScaler('cuda', args...)` instead.
  scaler = GradScaler(enabled=use_amp)
Total steps: 900, Warmup: 90
AMP: True
/usr/local/lib/python3.14/site-packages/torch/cuda/__init__.py:61: FutureWarning: The pynvml package is deprecated. Please install nvidia-ml-py instead. If you did not install pynvml directly, please report this to the maintainers of the package that installed pynvml for you.
  import pynvml  # type: ignore[import]
/workspace/train.py:55: FutureWarning: `torch.cuda.amp.autocast(args...)` is deprecated. Please use `torch.amp.autocast('cuda', args...)` instead.
  with autocast(dtype=torch.bfloat16):
  Step 100/900: loss=2.3052, acc=11.92%, lr=0.001000
  Step 200/900: loss=2.2889, acc=13.14%, lr=0.000955
  Step 300/900: loss=2.2773, acc=13.75%, lr=0.000843
  Step 400/900: loss=2.2612, acc=14.92%, lr=0.000680
  Step 500/900: loss=2.2429, acc=15.88%, lr=0.000490
  Step 600/900: loss=2.2273, acc=16.60%, lr=0.000302
  Step 700/900: loss=2.2129, acc=17.20%, lr=0.000143
  Step 800/900: loss=2.2030, acc=17.71%, lr=0.000037
  Step 900/900: loss=2.1938, acc=18.14%, lr=0.000000
/workspace/train.py:101: FutureWarning: `torch.cuda.amp.autocast(args...)` is deprecated. Please use `torch.amp.autocast('cuda', args...)` instead.
  with autocast(dtype=torch.bfloat16):
Epoch 1/1 (37.3s): train_loss=2.1938, train_acc=18.14%, val_loss=2.1185, val_acc=21.88% *BEST*

============================================================
Loading best model for test evaluation...
Test accuracy: 21.91%
Best val accuracy: 21.88%
Results saved to results/image_results.json
