/usr/local/lib/python3.14/site-packages/torch/cuda/__init__.py:61: FutureWarning: The pynvml package is deprecated. Please install nvidia-ml-py instead. If you did not install pynvml directly, please report this to the maintainers of the package that installed pynvml for you.
  import pynvml  # type: ignore[import]
Using device: cuda
GPU: NVIDIA H100 80GB HBM3

============================================================
Task: image
Epochs: 30, Batch size: 50
Model: d_model=256, state_dim=64, n_layers=6
LR: 0.001, Weight decay: 0.05
============================================================

Loading datasets...
/usr/local/lib/python3.14/site-packages/torchvision/datasets/cifar.py:83: VisibleDeprecationWarning: dtype(): align should be passed as Python or NumPy boolean but got `align=0`. Did you mean to pass a tuple to create a subarray type? (Deprecated NumPy 2.4)
  entry = pickle.load(f, encoding="latin1")
Train: 45000 samples, 900 batches
Val: 5000 samples, 100 batches
Test: 10000 samples, 200 batches
/workspace/model.py:234: LinAlgWarning: An ill-conditioned matrix detected: slice 0 has rcond = 3.207511382104959e-76.
  V_inv = linalg.inv(V)
/workspace/model.py:234: LinAlgWarning: An ill-conditioned matrix detected: slice 0 has rcond = 5.409008756801859e-77.
  V_inv = linalg.inv(V)
/workspace/model.py:234: LinAlgWarning: An ill-conditioned matrix detected: slice 0 has rcond = 2.8330416133997232e-77.
  V_inv = linalg.inv(V)
/workspace/model.py:234: LinAlgWarning: An ill-conditioned matrix detected: slice 0 has rcond = 2.283863910597509e-78.
  V_inv = linalg.inv(V)

Model parameters: 3,951,114
/workspace/train.py:246: FutureWarning: `torch.cuda.amp.GradScaler(args...)` is deprecated. Please use `torch.amp.GradScaler('cuda', args...)` instead.
  scaler = GradScaler(enabled=use_amp)
Total steps: 27000, Warmup: 2700
AMP: True
/usr/local/lib/python3.14/site-packages/torch/cuda/__init__.py:61: FutureWarning: The pynvml package is deprecated. Please install nvidia-ml-py instead. If you did not install pynvml directly, please report this to the maintainers of the package that installed pynvml for you.
  import pynvml  # type: ignore[import]
/workspace/train.py:55: FutureWarning: `torch.cuda.amp.autocast(args...)` is deprecated. Please use `torch.amp.autocast('cuda', args...)` instead.
  with autocast(dtype=torch.bfloat16):
  Step 100/900: loss=2.3060, acc=10.44%, lr=0.000037
  Step 200/900: loss=2.2932, acc=11.63%, lr=0.000074
  Step 300/900: loss=2.2798, acc=13.12%, lr=0.000111
  Step 400/900: loss=2.2720, acc=13.91%, lr=0.000148
  Step 500/900: loss=2.2673, acc=14.34%, lr=0.000185
  Step 600/900: loss=2.2564, acc=14.90%, lr=0.000222
  Step 700/900: loss=2.2412, acc=15.65%, lr=0.000259
  Step 800/900: loss=2.2311, acc=16.11%, lr=0.000296
  Step 900/900: loss=2.2175, acc=16.67%, lr=0.000333
/workspace/train.py:101: FutureWarning: `torch.cuda.amp.autocast(args...)` is deprecated. Please use `torch.amp.autocast('cuda', args...)` instead.
  with autocast(dtype=torch.bfloat16):
Epoch 1/30 (375.1s): train_loss=2.2175, train_acc=16.67%, val_loss=2.0904, val_acc=26.10% *BEST*
  Step 100/900: loss=2.0820, acc=23.64%, lr=0.000370
  Step 200/900: loss=2.0640, acc=24.27%, lr=0.000407
  Step 300/900: loss=2.0432, acc=25.33%, lr=0.000444
  Step 400/900: loss=2.0117, acc=26.46%, lr=0.000481
  Step 500/900: loss=1.9785, acc=27.51%, lr=0.000519
  Step 600/900: loss=1.9535, acc=28.35%, lr=0.000556
  Step 700/900: loss=1.9278, acc=29.28%, lr=0.000593
  Step 800/900: loss=1.9105, acc=29.76%, lr=0.000630
  Step 900/900: loss=1.8930, acc=30.36%, lr=0.000667
Epoch 2/30 (374.3s): train_loss=1.8930, train_acc=30.36%, val_loss=1.6832, val_acc=37.88% *BEST*
  Step 100/900: loss=1.7191, acc=36.22%, lr=0.000704
  Step 200/900: loss=1.7091, acc=36.74%, lr=0.000741
  Step 300/900: loss=1.7022, acc=36.97%, lr=0.000778
  Step 400/900: loss=1.6951, acc=37.06%, lr=0.000815
  Step 500/900: loss=1.6904, acc=37.44%, lr=0.000852
  Step 600/900: loss=1.6847, acc=37.86%, lr=0.000889
  Step 700/900: loss=1.6742, acc=38.34%, lr=0.000926
  Step 800/900: loss=1.6687, acc=38.64%, lr=0.000963
  Step 900/900: loss=1.6643, acc=38.95%, lr=0.001000
Epoch 3/30 (373.9s): train_loss=1.6643, train_acc=38.95%, val_loss=1.6543, val_acc=39.94% *BEST*
  Step 100/900: loss=1.5802, acc=42.74%, lr=0.001000
  Step 200/900: loss=1.5893, acc=42.49%, lr=0.001000
  Step 300/900: loss=1.5848, acc=42.37%, lr=0.001000
  Step 400/900: loss=1.5768, acc=42.73%, lr=0.000999
  Step 500/900: loss=1.5642, acc=43.24%, lr=0.000999
  Step 600/900: loss=1.5568, acc=43.41%, lr=0.000998
  Step 700/900: loss=1.5529, acc=43.65%, lr=0.000998
  Step 800/900: loss=1.5459, acc=43.97%, lr=0.000997
  Step 900/900: loss=1.5407, acc=44.18%, lr=0.000997
Epoch 4/30 (373.8s): train_loss=1.5407, train_acc=44.18%, val_loss=1.4934, val_acc=45.68% *BEST*
  Step 100/900: loss=1.4393, acc=47.68%, lr=0.000996
  Step 200/900: loss=1.4444, acc=47.49%, lr=0.000995
  Step 300/900: loss=1.4427, acc=47.81%, lr=0.000994
  Step 400/900: loss=1.4346, acc=48.34%, lr=0.000993
  Step 500/900: loss=1.4313, acc=48.50%, lr=0.000992
  Step 600/900: loss=1.4240, acc=48.71%, lr=0.000991
  Step 700/900: loss=1.4145, acc=49.11%, lr=0.000989
  Step 800/900: loss=1.4090, acc=49.42%, lr=0.000988
  Step 900/900: loss=1.4035, acc=49.60%, lr=0.000987
Epoch 5/30 (373.9s): train_loss=1.4035, train_acc=49.60%, val_loss=1.3996, val_acc=49.02% *BEST*
  Step 100/900: loss=1.3293, acc=53.04%, lr=0.000985
  Step 200/900: loss=1.3307, acc=52.42%, lr=0.000983
  Step 300/900: loss=1.3305, acc=52.39%, lr=0.000982
  Step 400/900: loss=1.3298, acc=52.28%, lr=0.000980
  Step 500/900: loss=1.3255, acc=52.45%, lr=0.000978
  Step 600/900: loss=1.3185, acc=52.69%, lr=0.000976
  Step 700/900: loss=1.3123, acc=52.97%, lr=0.000974
  Step 800/900: loss=1.3093, acc=53.10%, lr=0.000972
  Step 900/900: loss=1.3085, acc=53.09%, lr=0.000970
Epoch 6/30 (373.8s): train_loss=1.3085, train_acc=53.09%, val_loss=1.3500, val_acc=51.70% *BEST*
  Step 100/900: loss=1.2646, acc=54.64%, lr=0.000968
  Step 200/900: loss=1.2533, acc=55.24%, lr=0.000965
  Step 300/900: loss=1.2575, acc=55.09%, lr=0.000963
  Step 400/900: loss=1.2515, acc=55.43%, lr=0.000960
  Step 500/900: loss=1.2480, acc=55.52%, lr=0.000958
  Step 600/900: loss=1.2426, acc=55.70%, lr=0.000955
  Step 700/900: loss=1.2393, acc=55.82%, lr=0.000952
  Step 800/900: loss=1.2345, acc=55.97%, lr=0.000950
  Step 900/900: loss=1.2285, acc=56.17%, lr=0.000947
Epoch 7/30 (373.9s): train_loss=1.2285, train_acc=56.17%, val_loss=1.2594, val_acc=56.06% *BEST*
  Step 100/900: loss=1.1916, acc=57.90%, lr=0.000944
  Step 200/900: loss=1.1844, acc=58.23%, lr=0.000941
